2026-09-15T15:54:10.384409Z  INFO herdr::logging: herdr starting event="app.startup" subsystem="client" outcome="started" pid=130927
2026-09-15T15:54:10.384484Z  INFO herdr::client: connecting to server path=/home/jg/.config/herdr/herdr-client.sock
2026-09-15T15:54:10.484195Z  INFO herdr::client: handshake succeeded version=17 encoding=SemanticFrame
2026-09-15T15:56:08.858771Z  INFO herdr::logging: herdr exiting event="app.shutdown" subsystem="client" outcome="completed" pid=130927
2026-09-15T16:18:50.882083Z  INFO herdr::logging: herdr starting event="app.startup" subsystem="client" outcome="started" pid=172772
2026-09-15T16:18:50.882202Z  INFO herdr::client: connecting to server path=/home/jg/.config/herdr/herdr-client.sock
2026-09-15T16:18:50.995555Z  WARN herdr::client: Local handshake failed; keeping saved machines available error=lost connection to server: server closed connection
2026-09-15T16:18:55.628007Z  INFO herdr::client::handshake: endpoint handshake succeeded generation=1 server_version=0.9.0
2026-09-15T16:19:21.608208Z  INFO herdr::logging: herdr exiting event="app.shutdown" subsystem="client" outcome="completed" pid=172772
2026-09-15T16:19:30.788965Z  INFO herdr::logging: herdr starting event="app.startup" subsystem="client" outcome="started" pid=173028
2026-09-15T16:19:30.789079Z  INFO herdr::client: connecting to server path=/home/jg/.config/herdr/herdr-client.sock
2026-09-15T16:19:30.943336Z  WARN herdr::client: Local handshake failed; keeping saved machines available error=lost connection to server: server closed connection
2026-09-15T16:19:35.195958Z  INFO herdr::client::handshake: endpoint handshake succeeded generation=1 server_version=0.9.0
2026-09-15T16:19:54.923888Z  INFO herdr::logging: herdr exiting event="app.shutdown" subsystem="client" outcome="completed" pid=173028
2026-09-15T16:25:04.206546Z  INFO herdr::logging: herdr starting event="app.startup" subsystem="client" outcome="started" pid=173790
2026-09-15T16:25:04.206628Z  INFO herdr::client: connecting to server path=/home/jg/.config/herdr/herdr-client.sock
2026-09-15T16:25:04.439244Z  WARN herdr::client: Local handshake failed; keeping saved machines available error=lost connection to server: server closed connection
2026-09-15T16:25:08.947903Z  INFO herdr::client::handshake: endpoint handshake succeeded generation=1 server_version=0.9.0
2026-09-15T16:26:08.918729Z  INFO herdr::logging: herdr exiting event="app.shutdown" subsystem="client" outcome="completed" pid=173790
2026-09-15T16:30:17.215297Z  INFO herdr::logging: herdr starting event="app.startup" subsystem="client" outcome="started" pid=175064
2026-09-15T16:30:17.215331Z  INFO herdr::client: connecting to server path=/home/jg/.config/herdr/herdr-client.sock
2026-09-15T16:30:17.454385Z  INFO herdr::client::handshake: endpoint handshake succeeded generation=1 server_version=0.9.0
2026-09-15T16:30:17.757115Z  WARN herdr::client: endpoint needs attention endpoint=ssh:e0d6ce24d0692899a74578fa78de6e09 generation=2 error=remote platform detection failed: jean@favre.systems: Permission denied (publickey).. Run `herdr --remote monstre --session default` interactively to approve setup, then restart this client
2026-09-15T16:35:44.245864Z  INFO herdr::logging: herdr exiting event="app.shutdown" subsystem="client" outcome="completed" pid=175064
2026-09-15T16:36:01.176448Z  INFO herdr::logging: herdr starting event="app.startup" subsystem="client" outcome="started" pid=177666
2026-09-15T16:36:01.176591Z  INFO herdr::client: connecting to server path=/home/jg/.config/herdr/herdr-client.sock
2026-09-15T16:36:01.341431Z  INFO herdr::client::handshake: endpoint handshake succeeded generation=1 server_version=0.9.0
2026-09-15T16:36:01.755599Z  WARN herdr::client: endpoint needs attention endpoint=ssh:e0d6ce24d0692899a74578fa78de6e09 generation=2 error=remote platform detection failed: jean@favre.systems: Permission denied (publickey).. Run `herdr --remote monstre --session default` interactively to approve setup, then restart this client
2026-09-15T16:42:58.611792Z  INFO herdr::logging: herdr exiting event="app.shutdown" subsystem="client" outcome="completed" pid=177666
2026-09-15T16:42:59.835713Z  INFO herdr::logging: herdr starting event="app.startup" subsystem="client" outcome="started" pid=179316
2026-09-15T16:42:59.835823Z  INFO herdr::client: connecting to server path=/home/jg/.config/herdr/herdr-client.sock
2026-09-15T16:42:59.869465Z  INFO herdr::client::handshake: endpoint handshake succeeded generation=1 server_version=0.9.0
2026-09-15T16:43:00.328662Z  WARN herdr::client: endpoint needs attention endpoint=ssh:e0d6ce24d0692899a74578fa78de6e09 generation=2 error=remote platform detection failed: jean@favre.systems: Permission denied (publickey).. Run `herdr --remote monstre --session default` interactively to approve setup, then restart this client
2026-09-15T16:43:05.531159Z  INFO herdr::logging: herdr exiting event="app.shutdown" subsystem="client" outcome="completed" pid=179316
2026-09-15T16:43:26.563312Z  INFO herdr::logging: herdr starting event="app.startup" subsystem="client" outcome="started" pid=179553
2026-09-15T16:43:26.563401Z  INFO herdr::client: connecting to server path=/home/jg/.config/herdr/herdr-client.sock
2026-09-15T16:43:26.647172Z  INFO herdr::client::handshake: endpoint handshake succeeded generation=1 server_version=0.9.0
2026-09-15T16:43:53.752644Z  INFO herdr::logging: herdr exiting event="app.shutdown" subsystem="client" outcome="completed" pid=179553
2026-09-15T16:44:38.891336Z  INFO herdr::logging: herdr starting event="app.startup" subsystem="client" outcome="started" pid=179967
2026-09-15T16:44:38.891394Z  INFO herdr::client: connecting to server path=/home/jg/.config/herdr/herdr-client.sock
2026-09-15T16:44:39.018199Z  INFO herdr::client::handshake: endpoint handshake succeeded generation=1 server_version=0.9.0
2026-09-15T16:44:43.543258Z  INFO herdr::client::handshake: endpoint handshake succeeded generation=1 server_version=0.9.0
2026-09-15T16:48:55.330903Z  INFO herdr::logging: herdr exiting event="app.shutdown" subsystem="client" outcome="completed" pid=179967
2026-09-15T16:50:24.884410Z  INFO herdr::logging: herdr starting event="app.startup" subsystem="client" outcome="started" pid=180611
2026-09-15T16:50:24.884523Z  INFO herdr::client: connecting to server path=/home/jg/.config/herdr/herdr-client.sock
2026-09-15T16:50:25.065580Z  INFO herdr::client::handshake: endpoint handshake succeeded generation=1 server_version=0.9.0
2026-09-15T16:50:29.285139Z  INFO herdr::client::handshake: endpoint handshake succeeded generation=1 server_version=0.9.0
2026-09-15T17:13:33.491748Z  INFO herdr::logging: herdr exiting event="app.shutdown" subsystem="client" outcome="completed" pid=180611
2026-09-15T17:13:56.059823Z  INFO herdr::logging: herdr starting event="app.startup" subsystem="client" outcome="started" pid=186582
2026-09-15T17:13:56.059865Z  INFO herdr::client: connecting to server path=/home/jg/.config/herdr/herdr-client.sock
2026-09-15T17:13:56.121444Z  INFO herdr::client::handshake: endpoint handshake succeeded generation=1 server_version=0.9.0
2026-09-15T17:13:56.529324Z  WARN herdr::client: endpoint needs attention endpoint=ssh:70d70f724abe35f916b9b9dc65f45787 generation=2 error=remote platform detection failed: jean@favre.systems: Permission denied (publickey).. Run `herdr --remote monstre --session agents` interactively to approve setup, then restart this client
2026-09-15T17:14:14.264974Z  INFO herdr::client: client terminal unavailable; detaching err=Input/output error (os error 5)
2026-09-15T17:14:14.266409Z  INFO herdr::logging: herdr exiting event="app.shutdown" subsystem="client" outcome="completed" pid=186582
2026-09-15T17:14:31.855409Z  INFO herdr::logging: herdr starting event="app.startup" subsystem="client" outcome="started" pid=187004
2026-09-15T17:14:31.855434Z  INFO herdr::client: connecting to server path=/home/jg/.config/herdr/herdr-client.sock
2026-09-15T17:14:31.869655Z  INFO herdr::client::handshake: endpoint handshake succeeded generation=1 server_version=0.9.0
2026-09-15T17:14:35.513128Z  INFO herdr::client::handshake: endpoint handshake succeeded generation=1 server_version=0.9.0
2026-09-15T17:25:29.132705Z  INFO herdr::client::clipboard_images: bridging local image to remote server bytes=311879 extension="png" source="clipboard paste"
2026-09-16T08:10:09.297495Z  WARN herdr::client: endpoint transport failed endpoint=ssh:70d70f724abe35f916b9b9dc65f45787 error=connection was lost
2026-09-16T08:10:13.961979Z  INFO herdr::client::handshake: endpoint handshake succeeded generation=1 server_version=0.9.0
2026-09-16T08:10:47.878266Z  INFO herdr::logging: herdr exiting event="app.shutdown" subsystem="client" outcome="completed" pid=187004
